// Jest Snapshot v1, https://goo.gl/fbAQLP

exports[`should render edit expense page correctly 1`] = `
<div>
  <Connect(ExpenseForm)
    expense={
      Object {
        "amount": 109500,
        "createdAt": -345600000,
        "description": "Rent",
        "id": "2",
        "note": "",
      }
    }
    id="expense-form"
    onSubmit={[Function]}
  />
  <button
    onClick={[Function]}
  >
    Remove
  </button>
</div>
`;
