// Jest Snapshot v1, https://goo.gl/fbAQLP

exports[`should render expense list item with given item 1`] = `
<div>
  <h3>
    <Link
      replace={false}
      to="/edit/2"
    >
      Rent
    </Link>
  </h3>
  <p>
    109500
     -- 
    -345600000
  </p>
</div>
`;
