// Jest Snapshot v1, https://goo.gl/fbAQLP

exports[`should render Header correctly 1`] = `
<header>
  <h1>
    Expensify
  </h1>
  <nav>
    <ul>
      <li>
        <NavLink
          activeClassName="is-active"
          ariaCurrent="true"
          exact={true}
          to="/dashboard"
        >
          Dashboard
        </NavLink>
      </li>
      <li>
        <NavLink
          activeClassName="is-active"
          ariaCurrent="true"
          to="/create"
        >
          Create Expense
        </NavLink>
      </li>
    </ul>
    <ul>
      <li>
        <button
          onClick={[Function]}
        >
          Logout
        </button>
      </li>
    </ul>
  </nav>
</header>
`;
