// Jest Snapshot v1, https://goo.gl/fbAQLP

exports[`should render not found page 1`] = `
<div>
  404! I pity the fool who couldn't find me!
  <Link
    replace={false}
    to="/"
  >
    Go home
  </Link>
</div>
`;
